Removed Pin From Net: NetName=IO0 Pin=TP_0-X
Removed Pin From Net: NetName=IO1 Pin=TP_1-X
Removed Pin From Net: NetName=IO2 Pin=TP_2-X
Removed Pin From Net: NetName=+3V3 Pin=TP_3V3-X
Removed Pin From Net: NetName=IO3 Pin=TP_3-X
Removed Pin From Net: NetName=IO4 Pin=TP_4-X
Removed Pin From Net: NetName=+5V Pin=TP_5V1-X
Removed Pin From Net: NetName=+5V Pin=TP_5V-X
Removed Pin From Net: NetName=IO5 Pin=TP_5-X
Removed Pin From Net: NetName=IO6 Pin=TP_6-X
Removed Pin From Net: NetName=IO7 Pin=TP_7-X
Removed Pin From Net: NetName=IO8 Pin=TP_8-X
Removed Pin From Net: NetName=IO9 Pin=TP_9-X
Removed Pin From Net: NetName=SS Pin=TP_10-X
Removed Pin From Net: NetName=MOSI Pin=TP_11-X
Removed Pin From Net: NetName=MISO Pin=TP_12-X
Removed Pin From Net: NetName=SCK Pin=TP_13-X
Removed Pin From Net: NetName=AD0 Pin=TP_A0-X
Removed Pin From Net: NetName=AD1 Pin=TP_A1-X
Removed Pin From Net: NetName=AD2 Pin=TP_A2-X
Removed Pin From Net: NetName=AD3 Pin=TP_A3-X
Removed Pin From Net: NetName=AD4/SDA Pin=TP_A4-X
Removed Pin From Net: NetName=AD5/SCL Pin=TP_A5-X
Removed Pin From Net: NetName=AREF Pin=TP_AREF-X
Removed Pin From Net: NetName=CMP Pin=TP_CMP-X
Removed Pin From Net: NetName=D+ Pin=TP_D+-X
Removed Pin From Net: NetName=DTR Pin=TP_DTR-X
Removed Pin From Net: NetName=D- Pin=TP_D--X
Removed Pin From Net: NetName=GATE_CMD Pin=TP_GATE-X
Removed Pin From Net: NetName=L13 Pin=TP_LCMD-X
Removed Pin From Net: NetName=NetL_A Pin=TP_LL-X
Removed Pin From Net: NetName=MISO2 Pin=TP_MISO2-X
Removed Pin From Net: NetName=MOSI2 Pin=TP_MOSI2-X
Removed Pin From Net: NetName=NetON_A Pin=TP_ONL-X
Removed Pin From Net: NetName=PB4 Pin=TP_PB4-X
Removed Pin From Net: NetName=PB5 Pin=TP_PB5-X
Removed Pin From Net: NetName=PB6 Pin=TP_PB6-X
Removed Pin From Net: NetName=PB7 Pin=TP_PB7-X
Removed Pin From Net: NetName=NetD1_A Pin=TP_PWRIN-X
Removed Pin From Net: NetName=RESET2 Pin=TP_RESET2-X
Removed Pin From Net: NetName=RESET Pin=TP_RESET-X
Removed Pin From Net: NetName=NetRN2_7 Pin=TP_RXL-X
Removed Pin From Net: NetName=M8RXD Pin=TP_RX-X
Removed Pin From Net: NetName=SCK2 Pin=TP_SCK2-X
Removed Pin From Net: NetName=AD5/SCL Pin=TP_SCL-X
Removed Pin From Net: NetName=AD4/SDA Pin=TP_SDA-X
Removed Pin From Net: NetName=NetRN2_6 Pin=TP_TXL-X
Removed Pin From Net: NetName=M8TXD Pin=TP_TX-X
Removed Pin From Net: NetName=UGND Pin=TP_UGND-X
Removed Pin From Net: NetName=USHIELD Pin=TP_USH-X
Removed Pin From Net: NetName=VIN Pin=TP_VIN-X
Removed Pin From Net: NetName=XTAL2 Pin=TP_XT2-X
Removed Pin From Net: NetName=XT1 Pin=TP_XT3-X
Removed Pin From Net: NetName=XT2 Pin=TP_XT4-X
Removed Pin From Net: NetName=XUSB Pin=TP_XUSB-X
Removed Member From Class: ClassName=UNO-TH_Rev3e Member=ORIGIN
Removed Member From Class: ClassName=UNO-TH_Rev3e Member=TP_0
Removed Member From Class: ClassName=UNO-TH_Rev3e Member=TP_1
Removed Member From Class: ClassName=UNO-TH_Rev3e Member=TP_2
Removed Member From Class: ClassName=UNO-TH_Rev3e Member=TP_3
Removed Member From Class: ClassName=UNO-TH_Rev3e Member=TP_3V3
Removed Member From Class: ClassName=UNO-TH_Rev3e Member=TP_4
Removed Member From Class: ClassName=UNO-TH_Rev3e Member=TP_5
Removed Member From Class: ClassName=UNO-TH_Rev3e Member=TP_5V1
Removed Member From Class: ClassName=UNO-TH_Rev3e Member=TP_5V
Removed Member From Class: ClassName=UNO-TH_Rev3e Member=TP_6
Removed Member From Class: ClassName=UNO-TH_Rev3e Member=TP_7
Removed Member From Class: ClassName=UNO-TH_Rev3e Member=TP_8
Removed Member From Class: ClassName=UNO-TH_Rev3e Member=TP_9
Removed Member From Class: ClassName=UNO-TH_Rev3e Member=TP_10
Removed Member From Class: ClassName=UNO-TH_Rev3e Member=TP_11
Removed Member From Class: ClassName=UNO-TH_Rev3e Member=TP_12
Removed Member From Class: ClassName=UNO-TH_Rev3e Member=TP_13
Removed Member From Class: ClassName=UNO-TH_Rev3e Member=TP_A0
Removed Member From Class: ClassName=UNO-TH_Rev3e Member=TP_A1
Removed Member From Class: ClassName=UNO-TH_Rev3e Member=TP_A2
Removed Member From Class: ClassName=UNO-TH_Rev3e Member=TP_A3
Removed Member From Class: ClassName=UNO-TH_Rev3e Member=TP_A4
Removed Member From Class: ClassName=UNO-TH_Rev3e Member=TP_A5
Removed Member From Class: ClassName=UNO-TH_Rev3e Member=TP_AREF
Removed Member From Class: ClassName=UNO-TH_Rev3e Member=TP_CMP
Removed Member From Class: ClassName=UNO-TH_Rev3e Member=TP_D-
Removed Member From Class: ClassName=UNO-TH_Rev3e Member=TP_D+
Removed Member From Class: ClassName=UNO-TH_Rev3e Member=TP_DTR
Removed Member From Class: ClassName=UNO-TH_Rev3e Member=TP_GATE
Removed Member From Class: ClassName=UNO-TH_Rev3e Member=TP_LCMD
Removed Member From Class: ClassName=UNO-TH_Rev3e Member=TP_LL
Removed Member From Class: ClassName=UNO-TH_Rev3e Member=TP_MISO2
Removed Member From Class: ClassName=UNO-TH_Rev3e Member=TP_MOSI2
Removed Member From Class: ClassName=UNO-TH_Rev3e Member=TP_ONL
Removed Member From Class: ClassName=UNO-TH_Rev3e Member=TP_PB4
Removed Member From Class: ClassName=UNO-TH_Rev3e Member=TP_PB5
Removed Member From Class: ClassName=UNO-TH_Rev3e Member=TP_PB6
Removed Member From Class: ClassName=UNO-TH_Rev3e Member=TP_PB7
Removed Member From Class: ClassName=UNO-TH_Rev3e Member=TP_PWRIN
Removed Member From Class: ClassName=UNO-TH_Rev3e Member=TP_RESET2
Removed Member From Class: ClassName=UNO-TH_Rev3e Member=TP_RESET
Removed Member From Class: ClassName=UNO-TH_Rev3e Member=TP_RX
Removed Member From Class: ClassName=UNO-TH_Rev3e Member=TP_RXL
Removed Member From Class: ClassName=UNO-TH_Rev3e Member=TP_SCK2
Removed Member From Class: ClassName=UNO-TH_Rev3e Member=TP_SCL
Removed Member From Class: ClassName=UNO-TH_Rev3e Member=TP_SDA
Removed Member From Class: ClassName=UNO-TH_Rev3e Member=TP_TX
Removed Member From Class: ClassName=UNO-TH_Rev3e Member=TP_TXL
Removed Member From Class: ClassName=UNO-TH_Rev3e Member=TP_UGND
Removed Member From Class: ClassName=UNO-TH_Rev3e Member=TP_USBVCC
Removed Member From Class: ClassName=UNO-TH_Rev3e Member=TP_USH
Removed Member From Class: ClassName=UNO-TH_Rev3e Member=TP_VIN
Removed Member From Class: ClassName=UNO-TH_Rev3e Member=TP_VUCAP
Removed Member From Class: ClassName=UNO-TH_Rev3e Member=TP_XT2
Removed Member From Class: ClassName=UNO-TH_Rev3e Member=TP_XT3
Removed Member From Class: ClassName=UNO-TH_Rev3e Member=TP_XT4
Removed Member From Class: ClassName=UNO-TH_Rev3e Member=TP_XUSB
Added Pin To Net: NetName=NetC8_1 Pin=C8-1
Added Pin To Net: NetName=NetC8_1 Pin=U3-27
Added Net: Name=NetC8_1
